[0m                  ________.   ________.    _________
                  7   ____¦___7   ____¦____7   ____/___
                   \_ \_____  ¬\_ \_____  ¬\_______   ¬\_
                    7     ¦/    /     ¦/    /    ¦/     /
                    ¦-----.____/¦-----.____/¦----/_____/
                          ¯¯¯¯¯       ¯¯¯¯¯      ¯¯¯¯¯¯
               - Digital Corruption Bulletin Board Systems -

       -  Boondocks          -  [WHQ]             -  Sal-One      -
       -  Fast File System   -  [European-HQ]     -  Scandic      -
       -  Trash City         -  [German-HQ]       -  Ramis        -
       -  Creeping Anxiety   -  [German-HQ]       -  RedCrow      -
       -  Seven Seas         -  [Us-HQ]           -  JamesWest    -
       -  Most Wanted        -  [Norway-HQ]       -  Arcane       -
       -  Needful things     -  [Turkey-HQ]       -  Ital         -
       -  Fuck Shit          -  [Poland-HQ]       -  Billy        -
       -  Spaced Out         -  [Uk-HQ]           -  Zoltrix      -
       -  First Division     -  [Sweden-HQ]       -  Hamlet       -
       -  OutBreak           -  [Sweden-HQ]       -  Trance       -
       -  Rising Sun         -  [Hongkong-HQ]     -  Raiden       -
       -  Hard Disk Cafe     -  [Finland-HQ]      -  Patrician    -
       -  Traders Paradise   -  [Scandinavia-HQ]  -  Leatherface  -
       -  Genetic Waste      -  [Norway]          -  Magz         -
       -  The Specialists    -  [Us-HQ]           -  Gunda        - 
       -  Sky Tower          -  [Denmark-HQ]      -  Enzo         -
       -  Cyber Design       -  [Sweden]          -  Storm        - 
       -  Terra Firma        -  [Australian-HQ]   -  Psyche       -

