Files Changed for V1.05
=======================

Core Files
----------
HBBS:Control
HBBS:Doors/System/Node
HBBS:System/Amiga/Libs/HBBSCommon.library
HBBS:System/Amiga/Libs/HBBSNode.library
HBBS:Doors/System/AddDIZToList/AddDIZToList.HBBS
HBBS:Doors/System/ErrorMessage/ErrorMessage
HBBS:Doors/System/FileHistory/FileHistory.HBBS
HBBS:Doors/System/Hydra/Hydra.HBBS
HBBS:Doors/System/NewUser/NewUser.HBBS
HBBS:Doors/System/XPR/XPR.HBBS
HBBS:Doors/System/FreeDL/FreeDL.HBBS
HBBS:Doors/System/MakeFreeDL/MakeFreeDL.HBBS
HBBS:Doors/User/AccountEdit/AccountEdit.HBBS
HBBS:Doors/User/FileLister/FileLister.HBBS

Misc Files
----------
HBBS:Docs/Misc/Upgrades/Changes_To_V1.05.guide
HBBS:Docs/Misc/Upgrades/Changes_To_V1.05.guide.info
HBBS:Storage/Example_Configs/Doors/System/MakeFreeDL/MakeFreeDL.CFG
HBBS:Storage/Example_Configs/Doors/System/Adverts/Adverts.CFG
HBBS:Docs/Misc/FileListFormat.TXT
HBBS:Docs/Doors/Door_Index.guide
HBBS:Docs/Doors/FreeDL.guide
HBBS:Docs/Doors/MakeFreeDL.guide
HBBS:Docs/Doors/MakeFreeDL.guide.info
HBBS:HBBS.Guide
HBBS:Changes.TXT
HBBS:ToDo.TXT
HBBS:ReadMe.1st
HBBS:ReadMe.1st.info

Developer Files
---------------
HBBS:Developer/Include/HBBS/release.h
HBBS:Developer/Include/HBBS/structures.h
HBBS:Developer/Include/HBBS/Defines.h
HBBS:Developer/Include/HBBS/HBBSCommon_protos.h
HBBS:Developer/Include/HBBS/HBBSCommon_pragmas.h
HBBS:Developer/Include/HBBS/HBBSCommon_pragmas_sas.h
HBBS:Developer/FD/HBBSCommon_lib.fd
HBBS:Developer/Docs/hbbscommon.library.doc

Files Changed for V1.04
=======================

Core Files
----------
HBBS:Control
HBBS:Doors/System/Node
HBBS:System/Amiga/Libs/HBBSCommon.library
HBBS:System/Amiga/Libs/HBBSNode.library
HBBS:Doors/System/AddTime/AddTime.HBBS
HBBS:Doors/System/AddCreds/AddCreds.HBBS
HBBS:Doors/System/Adverts/Adverts.HBBS
HBBS:Doors/System/AskConf/AskConf.HBBS
HBBS:Doors/System/AskDLFiles/AskDLFiles.HBBS
HBBS:Doors/System/CheckFiles/CheckFiles.HBBS
HBBS:Doors/System/Check_Corrupt/Check_Corrupt.HBBS
HBBS:Doors/System/CmdPrompt/CmdPrompt.HBBS
HBBS:Doors/System/ExtractDIZ/MoveFile.HBBS
HBBS:Doors/System/FileHistory/FileHistory.HBBS
HBBS:Doors/System/FreeDL/FreeDL.HBBS
HBBS:Doors/System/Hydra/Hydra.HBBS
HBBS:Doors/System/MoveFile/MoveFile.HBBS
HBBS:Doors/System/Tag_File/Tag_File.HBBS
HBBS:Doors/System/XPR/XPR.HBBS
HBBS:Doors/User/CheckTags/CheckTags.HBBS
HBBS:Doors/User/FileLister/FileLister.HBBS
HBBS:Doors/User/Download/Download.HBBS
HBBS:Utils/LastCallers
HBBS:System/Amiga/CLI/DMSDescript
HBBS:System/Amiga/CLI/DMSExtract
HBBS:System/Amiga/CLI/GIFDesc
HBBS:System/Amiga/CLI/GIFDesc.doc
HBBS:System/Amiga/CLI/TxtExtract
HBBS:System/Amiga/CLI/Mapus.116

Misc Files
----------
HBBS:Storage/Example_Screens/Special/Advert_TOP.TXT
HBBS:Storage/Example_Screens/Special/Advert_BOT.TXT
HBBS:Storage/Example_Configs/Commands/System
HBBS:Storage/Example_Configs/System/FCheck
HBBS:Storage/Example_Configs/System/FileID
HBBS:Storage/Example_Configs/Doors/System/Adverts/Adverts.CFG
HBBS:Docs/Misc/Upgrades/Changes_To_V1.04.guide
HBBS:Docs/Misc/Upgrades/Changes_To_V1.04.guide.info
HBBS:Docs/Reference/Directories.guide
HBBS:Docs/Configuration/FCheck.guide
HBBS:Docs/Configuration/FCheck.guide.info
HBBS:Docs/Doors/DoorIndex.Guide
HBBS:Docs/Doors/AskConf.guide
HBBS:Docs/Doors/AskConf.guide.info
HBBS:Docs/Doors/FreeDL.guide
HBBS:Docs/Doors/FreeDL.guide.info
HBBS:Docs/Doors/Adverts.guide
HBBS:Docs/Doors/Adverts.guide.info
HBBS:Docs/Doors/Check_Corrupt.guide
HBBS:Docs/Doors/Check_Corrupt.guide.info

NewConfigs
----------
HBBS:System/FCheck

Developer Files
---------------
HBBS:Developer/Include/HBBS/release.h
HBBS:Developer/Include/HBBS/structures.h
HBBS:Developer/Include/HBBS/Defines.h
HBBS:Developer/Include/HBBS/HBBSCommon_protos.h
HBBS:Developer/Include/HBBS/HBBSCommon_pragmas.h
HBBS:Developer/Include/HBBS/HBBSCommon_pragmas_sas.h
HBBS:Developer/Include/HBBS/HBBSNode_protos.h
HBBS:Developer/Include/HBBS/HBBSNode_pragmas.h
HBBS:Developer/Include/HBBS/HBBSNode_pragmas_sas.h
HBBS:Developer/FD/HBBSCommon_lib.fd
HBBS:Developer/FD/HBBSNode_lib.fd
HBBS:Developer/Docs/hbbscommon.library.doc


Files Changed for V1.03
=======================

Core Files
----------
HBBS:Control
HBBS:Setup.info
HBBS:Utils/SysopListViewer
HBBS:Doors/System/NewUserAnnouncer/NewUserAnnouncer.HBBS
HBBS:Doors/Mail/Mail_Add.HBBS

Misc
----
HBBS:Docs/Misc/Upgrades/Changes_To_V1.03.guide
HBBS:Docs/Misc/Upgrades/Changes_To_V1.03.guide.info
HBBS:Docs/Misc/Upgrades/Changes_To_V1.02.guide.info
HBBS:Docs/Misc/Upgrades/Changes_To_V1.01.guide.info
HBBS:Docs/Doors/DoorIndex.Guide
HBBS:Docs/Doors/NewUserAnnouncer.Guide
HBBS:Docs/Doors/NewUserAnnouncer.Guide.info
HBBS:Storage/Example_Configs/Commands/System
HBBS:Storage/Example_Configs/Doors/System/NewUserAnnouncer/NewUserAnnouncer.CFG
HBBS:Storage/Example_Screens/Special/Joined.TXT
HBBS:Docs/Misc/Index.Guide.info


Developer Files
---------------
HBBS:Developer/Include/HBBS/release.h


Files Changed for V1.02
=======================

Core Files
----------
HBBS:Control
HBBS:System/Amiga/Libs/HBBSCommon.library
HBBS:System/Amiga/Libs/HBBSNode.library
HBBS:Doors/System/Node
HBBS:Doors/System/ErrorMessage/ErrorMessage
HBBS:Doors/System/ErrorMessage/ErrorMessage.TXT
HBBS:Doors/System/Hydra/Hydra.HBBS
HBBS:Doors/System/XPR/XPR.HBBS
HBBS:Doors/System/NewUser/NewUser.HBBS
HBBS:Doors/User/AccountEdit/AccountEdit.HBBS
HBBS:Doors/User/BulletinViewer/BulletinViewer.HBBS
HBBS:Doors/User/UserSettings/BulletinViewer.HBBS
*HBBS:Doors/User/Joinconference/JoinConference.HBBS
*HBBS:Doors/User/Joinconference/OldJoinConference.HBBS
HBBS:Utils/UserViewer
HBBS:Utils/HBBSMultiTop

Misc
----
HBBS:Storage/Example_Configs/Nodes/Node2/Device
HBBS:Storage/Example_Configs/Nodes/NodeList
HBBS:Docs/Configuration/AccountDefaults.Guide
HBBS:Docs/Configuration/NodeList.Guide
HBBS:Docs/Reference/Screens.guide
HBBS:Docs/Reference/Directories.guide
HBBS:Docs/Doors/AccountEdit.guide
HBBS:Docs/Misc/Upgrades/Changes_To_V1.02.guide
HBBS:Docs/Misc/Upgrades/Changes_To_V1.02.guide.info
HBBS:Storage/Example_Configs/System/Data/AccountDefaults/New.CFG
HBBS:Storage/Example_Configs/System/Data/AccountDefaults/Normal.CFG
HBBS:Storage/Example_Configs/System/Data/AccountDefaults/Group.CFG
HBBS:Storage/Example_Configs/System/Data/AccountDefaults/CoSysop.CFG
HBBS:Storage/Example_Configs/System/Data/AccountDefaults/Sysop.CFG

NewConfigs
----------
HBBS:System/Data/AccountDefaults/New.CFG
HBBS:System/Data/AccountDefaults/Normal.CFG
HBBS:System/Data/AccountDefaults/Group.CFG
HBBS:System/Data/AccountDefaults/CoSysop.CFG
HBBS:System/Data/AccountDefaults/Sysop.CFG


Developer Files
---------------
HBBS:Developer/Include/HBBS/Defines.h
HBBS:Developer/Include/HBBS/Errors.h
HBBS:Developer/Include/HBBS/HBBSCommon_protos.h
HBBS:Developer/Include/HBBS/HBBSCommon_pragmas.h
HBBS:Developer/Include/HBBS/HBBSCommon_pragmas_sas.h
HBBS:Developer/Include/HBBS/HBBSNode_protos.h
HBBS:Developer/Include/HBBS/HBBSNode_pragmas.h
HBBS:Developer/Include/HBBS/HBBSNode_pragmas_sas.h
HBBS:Developer/Include/HBBS/release.h
HBBS:Developer/Include/HBBS/Structures.h
HBBS:Developer/FD/HBBSCommon_lib.fd
HBBS:Developer/FD/HBBSCommon_lib.fd.info
HBBS:Developer/FD/HBBSNode_lib.fd
HBBS:Developer/FD/HBBSNode_lib.fd.info
HBBS:Developer/Docs/Upgrades.info
HBBS:Developer/Docs/Dev_Changes_V1.02.guide
HBBS:Developer/Docs/Dev_Changes_V1.02.guide.info
HBBS:Developer/Developer.Readme

Files Changed for V1.01
=======================

Core Files
----------

HBBS:Control
HBBS:Doors/System/Node
HBBS:System/Amiga/Libs/HBBSNode.library
HBBS:Doors/User/BulletinViewer/BulletinViewer.HBBS

Misc
----

HBBS:HBBS.Guide
HBBS:Docs/Configuration/Commands_System.guide
HBBS:Docs/Misc/Upgrades/Changes_To_V1.01.guide
HBBS:Changes.TXT
HBBS:Todo.TXT


Bulletin Viewer Files
---------------------

HBBS:Docs/Doors/DoorIndex.guide
HBBS:Docs/Doors/BulletinViewer.guide
HBBS:Storage/Example_Configs/Commands/All_Levels
HBBS:Storage/Example_Screens/Bulletins/#?
HBBS:Storage/Example_Screens/Special/Bulletins#?
HBBS:Doors/User/BulletinViewer/BulletinViewer.HBBS

Developer Files
---------------

HBBS:Developer/Include/defines.h
HBBS:Developer/Include/release.h
HBBS:Developer/Include/files.h
