                                                   __
                                                  /  \
                 ___  ___                         \__/     __
                /   \/   \   _____  ____/\_____/\____  __ |  |_____
               /          \ /     \ \    /\___   _|  ||  \|  /     \
              /    |\/\    \/  /\  \/   /    /  | |  ||   '  /  /\  \
             /      \  \    \  ____/    \_/\/   | |  ||      \  \/  /
             \_______\  \    \____\\_______/    | |__||__|\__|\_   /
                         \____\         /  \_____\        /  \_/  /
                       ________/\       \__/     __       \______/
                       \_____    \ ____  __  __ | _|___/\__
                         /__/    //    \|  ||  \| \___   _/
                        / \_____//  /\  \  ||   '  | /  |PS
                       /      \  \  \/  /  ||      |/   |
                      /        \  \____/|__||__|\__/    |
       - - --=========\_________\==================\_____\=========-- - -
                 --= Melting Point - Free Amiga PD System =--
              - 68030/25MHz - 1.0GB - ZyXEL 16.8K - ISDN - GMS -
              -- Only Amiga - Only PD -- No Lamers - No Elite --
                            Online since 27.02.1994
               >>ANALOG>> + 4 9 (0) 7 7 2 3 / 9 1 0 2 5 <<ISDN<<
                   AmigaNet: 39:173/101 FidoNet: 2:2476/775

              MAGIC: AminetCD - Fileliste der aktuellen Aminet-CD

Created by Filelist-Generator V0.2ß   ©Peter Stegemann

