connect.iff
connect.gif
CYCTEAMBBS
connect.displayme
KN7AD
JOHNSIL67483992111
TIHIHI4321XAZYYELL1
BRUTAL!
!Rave!
Babe!
cAPEtOWN!
*.displayme
Po!
DEVIL.displayme
Wusel_Mania
DigitalLine.callme
Digital_Line.readme
File_id.dz
Fortress
Klick_me.exe
SKYCLAD
({[M]})-()()()()()()()()()()()
-÷^÷-GoD-÷^÷-
WS-RKJ
EViL_MoON!
FilePath.lst
SPR-SDIZ.DOC
6V13G
readme.txt
SE85Q9.XRPIMTFHKN7AD0JU
||-OZY-||
(1)-DiAL·HARD!-(1)
(2)-DTL^M!^ATX-(2)
(3)+41-ASK-FURY(3)
2WB4L
Look-me-iff-ya-want
LEXOVAGA
"-->>Star-Gate<<--"
"-dT!"
ORTNUF
Piss
rots.txt
iCHbINcLEVER!
aNUBIS
.-30-03-95-.
!Read_Me_please!
!sTARGLIDEr!
BLACKADDER
fUN-pLEASURE-eXTASY!
newadder1
THE
MagicImplosion.data
PrimeDeLegalite
Trainer.zip
Scara-rulez
PARTY^TiME!
HiScore
snes.SWC
dial_hard
WERBUNG-snes.SWC
Hi-Score
Wichtig.txt
YouKnow.txt
FirstOn.txt
elf-12
fahrenheit.txt
17&4
FUNHOUSE
FUNHOUSE.TXT
orb-bbs
SoS
"*"
ROOLZ.TXT
Castle.Gif

