xprzedzap.library       14-Jan-95 17:03:50  Hunk Section                Page 1-1

 num hunk         size filename         punit    type         base  alv     size
   0 text         5da4 LIB:libent.o     libent   code            0    0       20
                       LIB:libinit.o    libinit. code           20    0      138
                       callbacks.o      callback code          158    0      140
                       xprzmodem_locale xprzmode code          298    0      b44
                       Send.o           Send.c   code          ddc    0      e88
                       Receive.o        Receive. code         1c64    0     1020
                       Utils.o          Utils.c  code         2c84    0     1948
                       Zm.o             Zm.c     code         45cc    0     118c
                       xprgetsystime.o  xprgetsy code         5758    0       7c
                       xprtimeout.o     xprtimeo code         57d4    0       fc
                       xprsprintf.o     xprsprin code         58d0    0       28
                       T:TIFVB.0000     __Libfun code         58f8    0       64
                       LIB:sc.Lib       newlist  code         595c    0       14
                       LIB:sc.Lib       createpo code         5970    0       b8
                       LIB:sc.Lib       _constru code         5a28    0       34
                       LIB:sc.Lib       stricmp. code         5a5c    0       3c
                       LIB:sc.Lib       _stcl_o. code         5a98    0       30
                       LIB:sc.Lib       _stcd_l. code         5ac8    0       54
                       LIB:sc.Lib       _strupr. code         5b1c    0       38
                       LIB:sc.Lib       _UCXD22. code         5b54    0       10
                       LIB:sc.Lib       _UCXD33. code         5b64    0       10
                       LIB:sc.Lib       _UCXM33. code         5b74    0       10
                       LIB:sc.Lib       _UCXM22. code         5b84    0       10
                       LIB:sc.Lib       strspn.o code         5b94    0       28
                       LIB:sc.Lib       strcspn. code         5bbc    0       28
                       LIB:sc.Lib       strchr.o code         5be4    0       18
                       LIB:sc.Lib       strcat.o code         5bfc    0       18
                       LIB:sc.Lib       atol.c   code         5c14    0       34
                       LIB:sc.Lib       autoopen code         5c48    0       fc
                       LIB:sc.Lib       utillib. code         5d44    0       60
   1 __MERGED      b9c LIB:libent.o     libent   data            0    0        4
                       LIB:libinit.o    libinit. data            4    0       10
                       xprzmodem_locale xprzmode data           14    0        4
                       Receive.o        Receive. data           18    0        4
                       Utils.o          Utils.c  data           1c    0      1d8
                       Zm.o             Zm.c     data          1f4    0      874
                       xprgetsystime.o  xprgetsy data          a68    0        4
                       T:TIFVB.0001     _ctdt.o  data          a6c    0       14
                       LIB:sc.Lib       ctype.c  data          a80    0      104
                       LIB:sc.Lib       _constru data          b84    0        4
                       LIB:sc.Lib       _stdwin. data          b88    0       14
                       LIB:libinit.o    libinit. bss           b9c    0        4
                       Utils.o          Utils.c  bss           ba0    0       10
                       LIB:sc.Lib       _constru bss           bb0    0        4
                       LIB:sc.Lib       oslibver bss           bb4    0        4
                       LIB:sc.Lib       utillib. bss           bb8    0        8
xprzedzap.library       14-Jan-95 17:03:50  File Section                Page 4-1

filename         punit    hunk     type       offset:hunk     size
LIB:libent.o     libent   text     code            0:0          20
                          __MERGED data            0:1           4
                          data     code            -:-           0
LIB:libinit.o    libinit. text     code           20:0         138
                          __MERGED bss           b9c:1           4
                          data     data            4:1          10
callbacks.o      callback text     code          158:0         140
xprzmodem_locale xprzmode text     code          298:0         b44
                          __MERGED data           14:1           4
Send.o           Send.c   text     code          ddc:0         e88
Receive.o        Receive. text     code         1c64:0        1020
                          __MERGED data           18:1           4
Utils.o          Utils.c  text     code         2c84:0        1948
                          __MERGED data           1c:1         1d8
                          __MERGED bss           ba0:1          10
Zm.o             Zm.c     text     code         45cc:0        118c
                          __MERGED data          1f4:1         874
xprgetsystime.o  xprgetsy text     code         5758:0          7c
                          __MERGED data          a68:1           4
xprtimeout.o     xprtimeo text     code         57d4:0          fc
xprsprintf.o     xprsprin CODE     code         58d0:0          28
T:TIFVB.0000     __Libfun <noname> code         58f8:0          64
T:TIFVB.0001     _ctdt.o  __MERGED data          a6c:1          14
xprzedzap.library     14-Jan-95 17:03:50  Library Section               Page 5-1

filename         punit    hunk     type       offset:hunk     size
LIB:sc.Lib       newlist  text     code         595c:0          14
                 createpo text     code         5970:0          b8
                 ctype.c  text     code            -:-           0
                          __MERGED data          a80:1         104
                 _constru text     code         5a28:0          34
                          __MERGED data          b84:1           4
                          __MERGED bss           bb0:1           4
                 stricmp. text     code         5a5c:0          3c
                 _stcl_o. text     code         5a98:0          30
                 _stcd_l. text     code         5ac8:0          54
                 _strupr. text     code         5b1c:0          38
                 _UCXD22. text     code         5b54:0          10
                 _UCXD33. text     code         5b64:0          10
                 _UCXM33. text     code         5b74:0          10
                 _UCXM22. text     code         5b84:0          10
                 strspn.o text     code         5b94:0          28
                 strcspn. text     code         5bbc:0          28
                 strchr.o text     code         5be4:0          18
                 strcat.o text     code         5bfc:0          18
                 atol.c   text     code         5c14:0          34
                 autoopen text     code         5c48:0          fc
                 oslibver text     code            -:-           0
                          __MERGED bss           bb4:1           4
                 utillib. text     code         5d44:0          60
                          __MERGED bss           bb8:1           8
                 _stdwin. text     code            -:-           0
                          __MERGED data          b88:1          14
